[bench] platform=fly mode=cold count=10 timeout=90s poll=0.2s wall=600s
[setup] running bp_setup
[setup] app chrome-live-bench exists, reusing
[setup] running machine: shared-cpu-4x / 2048MB / sjc (image pull happens HERE, untimed)
Searching for image 'ghcr.io/remotebrowser/chrome-live:latest' remotely...
image found: img_3mno4w61oznmpk18
[setup] machine=286dd35b5e05d8 ip4=37.16.23.115
[setup] waiting for first full boot (untimed)
[setup] first boot complete
[setup] warm-up cold cycle (untimed; avoids cold-cache outlier on run 1)
[setup] done
[run 1/10] prep: cold-stopped
[run 1/10] trigger (cold start)
[run 1/10] cdp internal ready in 4923ms
[run 1/10] cdp external ready in 5109ms
[run 1/10] novnc ready in 5220ms (informational)
[run 2/10] prep: cold-stopped
[run 2/10] trigger (cold start)
[run 2/10] cdp internal ready in 5908ms
[run 2/10] cdp external ready in 5999ms
[run 2/10] novnc ready in 6165ms (informational)
[run 3/10] prep: cold-stopped
[run 3/10] trigger (cold start)
[run 3/10] cdp internal ready in 5790ms
[run 3/10] cdp external ready in 6776ms
[run 3/10] novnc ready in 6887ms (informational)
[run 4/10] prep: cold-stopped
[run 4/10] trigger (cold start)
[run 4/10] cdp internal ready in 5319ms
[run 4/10] cdp external ready in 5413ms
[run 4/10] novnc ready in 5530ms (informational)
[run 5/10] prep: cold-stopped
[run 5/10] trigger (cold start)
[run 5/10] cdp internal ready in 4578ms
[run 5/10] cdp external ready in 4692ms
[run 5/10] novnc ready in 4848ms (informational)
[run 6/10] prep: cold-stopped
[run 6/10] trigger (cold start)
[run 6/10] cdp internal ready in 4686ms
[run 6/10] cdp external ready in 4853ms
[run 6/10] novnc ready in 5118ms (informational)
[run 7/10] prep: cold-stopped
[run 7/10] trigger (cold start)
[run 7/10] cdp internal ready in 4335ms
[run 7/10] cdp external ready in 4435ms
[run 7/10] novnc ready in 4566ms (informational)
[run 8/10] prep: cold-stopped
[run 8/10] trigger (cold start)
[run 8/10] cdp internal ready in 5562ms
[run 8/10] cdp external ready in 5667ms
[run 8/10] novnc ready in 5827ms (informational)
[run 9/10] prep: cold-stopped
[run 9/10] trigger (cold start)
[run 9/10] cdp internal ready in 5360ms
[run 9/10] cdp external ready in 5525ms
[run 9/10] novnc ready in 5769ms (informational)
[run 10/10] prep: cold-stopped
[run 10/10] trigger (cold start)
[run 10/10] cdp internal ready in 5058ms
[run 10/10] cdp external ready in 5161ms
[run 10/10] novnc ready in 5319ms (informational)
[result] CDP internal n=10 p50=5058ms p95=5908ms min=4335ms max=5908ms
[result] CDP external n=10 p50=5161ms p95=6776ms min=4435ms max=6776ms
[teardown] running bp_teardown
[teardown] (skipped; run 'bench/fly/fly.sh teardown' to destroy)
